0 verbose cli C:\Program Files\nodejs\node.exe C:\Program Files\nodejs\node_modules\npm\bin\npm-cli.js
1 info using npm@11.16.0
2 info using node@v24.18.1
3 silly config load:file:C:\Program Files\nodejs\node_modules\npm\npmrc
4 silly config load:file:C:\Users\Win 11\SmartInventory_ver2.0\Server\frontend\.npmrc
5 silly config load:file:C:\Users\Win 11\.npmrc
6 silly config load:file:C:\Users\Win 11\AppData\Roaming\npm\etc\npmrc
7 verbose title npm ci
8 verbose argv "ci" "--ignore-scripts" "--no-audit" "--no-fund" "--cache" "../../.tools/npm-cache"
9 verbose logfile logs-max:10 dir:C:\Users\Win 11\SmartInventory_ver2.0\.tools\npm-cache\_logs\2026-10-04T04_41_11_650Z-
10 verbose logfile C:\Users\Win 11\SmartInventory_ver2.0\.tools\npm-cache\_logs\2026-10-04T04_41_11_650Z-debug-0.log
11 silly logfile done cleaning log files
12 silly packumentCache heap:4496293888 maxSize:1124073472 maxEntrySize:562036736
13 silly packumentCache heap:4496293888 maxSize:1124073472 maxEntrySize:562036736
14 silly idealTree buildDeps
15 silly reify moves {}
16 http cache vite@https://registry.npmjs.org/vite/-/vite-8.3.0.tgz 1ms (cache hit)
17 http cache tinyglobby@https://registry.npmjs.org/tinyglobby/-/tinyglobby-0.2.17.tgz 0ms (cache hit)
18 http cache source-map-js@https://registry.npmjs.org/source-map-js/-/source-map-js-1.2.1.tgz 0ms (cache hit)
19 http cache scheduler@https://registry.npmjs.org/scheduler/-/scheduler-0.23.2.tgz 0ms (cache hit)
20 http cache rolldown@https://registry.npmjs.org/rolldown/-/rolldown-1.2.9.tgz 0ms (cache hit)
21 http cache react-dom@https://registry.npmjs.org/react-dom/-/react-dom-18.3.1.tgz 0ms (cache hit)
22 http cache prettier@https://registry.npmjs.org/prettier/-/prettier-3.9.8.tgz 0ms (cache hit)
23 http cache picomatch@https://registry.npmjs.org/picomatch/-/picomatch-4.0.7.tgz 0ms (cache hit)
24 http cache postcss@https://registry.npmjs.org/postcss/-/postcss-8.5.28.tgz 0ms (cache hit)
25 http cache nanoid@https://registry.npmjs.org/nanoid/-/nanoid-3.3.19.tgz 0ms (cache hit)
26 http cache picocolors@https://registry.npmjs.org/picocolors/-/picocolors-1.1.1.tgz 0ms (cache hit)
27 http cache lightningcss-win32-x64-msvc@https://registry.npmjs.org/lightningcss-win32-x64-msvc/-/lightningcss-win32-x64-msvc-1.33.0.tgz 0ms (cache hit)
28 http cache loose-envify@https://registry.npmjs.org/loose-envify/-/loose-envify-1.4.0.tgz 0ms (cache hit)
29 http cache lightningcss@https://registry.npmjs.org/lightningcss/-/lightningcss-1.33.0.tgz 0ms (cache hit)
30 http cache js-tokens@https://registry.npmjs.org/js-tokens/-/js-tokens-4.0.0.tgz 0ms (cache hit)
31 http cache @vitejs/plugin-react@https://registry.npmjs.org/@vitejs/plugin-react/-/plugin-react-6.1.1.tgz 0ms (cache hit)
32 http cache fdir@https://registry.npmjs.org/fdir/-/fdir-6.5.0.tgz 0ms (cache hit)
33 http cache react@https://registry.npmjs.org/react/-/react-18.3.1.tgz 0ms (cache hit)
34 http cache detect-libc@https://registry.npmjs.org/detect-libc/-/detect-libc-2.1.2.tgz 0ms (cache hit)
35 silly tarball no local data for vite@https://registry.npmjs.org/vite/-/vite-8.3.0.tgz. Extracting by manifest.
36 http cache @rolldown/pluginutils@https://registry.npmjs.org/@rolldown/pluginutils/-/pluginutils-1.0.1.tgz 0ms (cache hit)
37 silly tarball no local data for tinyglobby@https://registry.npmjs.org/tinyglobby/-/tinyglobby-0.2.17.tgz. Extracting by manifest.
38 http cache @rolldown/binding-win32-x64-msvc@https://registry.npmjs.org/@rolldown/binding-win32-x64-msvc/-/binding-win32-x64-msvc-1.2.9.tgz 0ms (cache hit)
39 silly tarball no local data for source-map-js@https://registry.npmjs.org/source-map-js/-/source-map-js-1.2.1.tgz. Extracting by manifest.
40 silly tarball no local data for scheduler@https://registry.npmjs.org/scheduler/-/scheduler-0.23.2.tgz. Extracting by manifest.
41 silly tarball no local data for rolldown@https://registry.npmjs.org/rolldown/-/rolldown-1.2.9.tgz. Extracting by manifest.
42 silly tarball no local data for react-dom@https://registry.npmjs.org/react-dom/-/react-dom-18.3.1.tgz. Extracting by manifest.
43 silly tarball no local data for prettier@https://registry.npmjs.org/prettier/-/prettier-3.9.8.tgz. Extracting by manifest.
44 silly tarball no local data for picomatch@https://registry.npmjs.org/picomatch/-/picomatch-4.0.7.tgz. Extracting by manifest.
45 silly tarball no local data for postcss@https://registry.npmjs.org/postcss/-/postcss-8.5.28.tgz. Extracting by manifest.
46 http cache @oxc-project/types@https://registry.npmjs.org/@oxc-project/types/-/types-0.150.0.tgz 0ms (cache hit)
47 silly tarball no local data for nanoid@https://registry.npmjs.org/nanoid/-/nanoid-3.3.19.tgz. Extracting by manifest.
48 silly tarball no local data for picocolors@https://registry.npmjs.org/picocolors/-/picocolors-1.1.1.tgz. Extracting by manifest.
49 silly tarball no local data for lightningcss-win32-x64-msvc@https://registry.npmjs.org/lightningcss-win32-x64-msvc/-/lightningcss-win32-x64-msvc-1.33.0.tgz. Extracting by manifest.
50 silly tarball no local data for loose-envify@https://registry.npmjs.org/loose-envify/-/loose-envify-1.4.0.tgz. Extracting by manifest.
51 silly tarball no local data for lightningcss@https://registry.npmjs.org/lightningcss/-/lightningcss-1.33.0.tgz. Extracting by manifest.
52 silly tarball no local data for js-tokens@https://registry.npmjs.org/js-tokens/-/js-tokens-4.0.0.tgz. Extracting by manifest.
53 silly tarball no local data for @vitejs/plugin-react@https://registry.npmjs.org/@vitejs/plugin-react/-/plugin-react-6.1.1.tgz. Extracting by manifest.
54 silly tarball no local data for fdir@https://registry.npmjs.org/fdir/-/fdir-6.5.0.tgz. Extracting by manifest.
55 silly tarball no local data for react@https://registry.npmjs.org/react/-/react-18.3.1.tgz. Extracting by manifest.
56 silly tarball no local data for detect-libc@https://registry.npmjs.org/detect-libc/-/detect-libc-2.1.2.tgz. Extracting by manifest.
57 silly tarball no local data for @rolldown/pluginutils@https://registry.npmjs.org/@rolldown/pluginutils/-/pluginutils-1.0.1.tgz. Extracting by manifest.
58 silly tarball no local data for @rolldown/binding-win32-x64-msvc@https://registry.npmjs.org/@rolldown/binding-win32-x64-msvc/-/binding-win32-x64-msvc-1.2.9.tgz. Extracting by manifest.
59 silly tarball no local data for @oxc-project/types@https://registry.npmjs.org/@oxc-project/types/-/types-0.150.0.tgz. Extracting by manifest.
60 http fetch GET 200 https://registry.npmjs.org/npm 428ms
61 http fetch GET 200 https://registry.npmjs.org/js-tokens/-/js-tokens-4.0.0.tgz 152ms (cache miss)
62 http fetch GET 200 https://registry.npmjs.org/@vitejs/plugin-react/-/plugin-react-6.1.1.tgz 528ms (cache miss)
63 http fetch GET 200 https://registry.npmjs.org/picocolors/-/picocolors-1.1.1.tgz 690ms (cache miss)
64 http fetch GET 200 https://registry.npmjs.org/loose-envify/-/loose-envify-1.4.0.tgz 716ms (cache miss)
65 http fetch GET 200 https://registry.npmjs.org/fdir/-/fdir-6.5.0.tgz 719ms (cache miss)
66 http fetch GET 200 https://registry.npmjs.org/@oxc-project/types/-/types-0.150.0.tgz 699ms (cache miss)
67 http fetch GET 200 https://registry.npmjs.org/tinyglobby/-/tinyglobby-0.2.17.tgz 764ms (cache miss)
68 http fetch GET 200 https://registry.npmjs.org/detect-libc/-/detect-libc-2.1.2.tgz 788ms (cache miss)
69 http fetch GET 200 https://registry.npmjs.org/@rolldown/pluginutils/-/pluginutils-1.0.1.tgz 808ms (cache miss)
70 http fetch GET 200 https://registry.npmjs.org/picomatch/-/picomatch-4.0.7.tgz 946ms (cache miss)
71 http fetch GET 200 https://registry.npmjs.org/scheduler/-/scheduler-0.23.2.tgz 1005ms (cache miss)
72 http fetch GET 200 https://registry.npmjs.org/nanoid/-/nanoid-3.3.19.tgz 1066ms (cache miss)
73 http fetch GET 200 https://registry.npmjs.org/source-map-js/-/source-map-js-1.2.1.tgz 1081ms (cache miss)
74 http fetch GET 200 https://registry.npmjs.org/react/-/react-18.3.1.tgz 1068ms (cache miss)
75 http fetch GET 200 https://registry.npmjs.org/lightningcss/-/lightningcss-1.33.0.tgz 1111ms (cache miss)
76 http fetch GET 200 https://registry.npmjs.org/postcss/-/postcss-8.5.28.tgz 1565ms (cache miss)
77 http fetch GET 200 https://registry.npmjs.org/vite/-/vite-8.3.0.tgz 1743ms (cache miss)
78 http fetch GET 200 https://registry.npmjs.org/rolldown/-/rolldown-1.2.9.tgz 1810ms (cache miss)
79 http fetch GET 200 https://registry.npmjs.org/react-dom/-/react-dom-18.3.1.tgz 1999ms (cache miss)
80 http fetch GET 200 https://registry.npmjs.org/lightningcss-win32-x64-msvc/-/lightningcss-win32-x64-msvc-1.33.0.tgz 2070ms (cache miss)
81 http fetch GET 200 https://registry.npmjs.org/@rolldown/binding-win32-x64-msvc/-/binding-win32-x64-msvc-1.2.9.tgz 2513ms (cache miss)
82 http fetch GET 200 https://registry.npmjs.org/prettier/-/prettier-3.9.8.tgz 2585ms (cache miss)
83 silly ADD node_modules/vite
84 silly ADD node_modules/tinyglobby
85 silly ADD node_modules/source-map-js
86 silly ADD node_modules/scheduler
87 silly ADD node_modules/rolldown
88 silly ADD node_modules/react-dom
89 silly ADD node_modules/react
90 silly ADD node_modules/prettier
91 silly ADD node_modules/postcss
92 silly ADD node_modules/picomatch
93 silly ADD node_modules/picocolors
94 silly ADD node_modules/nanoid
95 silly ADD node_modules/loose-envify
96 silly ADD node_modules/lightningcss-win32-x64-msvc
97 silly ADD node_modules/lightningcss
98 silly ADD node_modules/js-tokens
99 silly ADD node_modules/fdir
100 silly ADD node_modules/detect-libc
101 silly ADD node_modules/@vitejs/plugin-react
102 silly ADD node_modules/@rolldown/pluginutils
103 silly ADD node_modules/@rolldown/binding-win32-x64-msvc
104 silly ADD node_modules/@oxc-project/types
105 verbose cwd C:\Users\Win 11\SmartInventory_ver2.0\Server\frontend
106 verbose os Windows_NT 10.0.26200
107 verbose node v24.18.1
108 verbose npm  v11.16.0
109 notice
109 notice New major version of npm available! 11.16.0 -> 12.2.0
109 notice Changelog: https://github.com/npm/cli/releases/tag/v12.2.0
109 notice To update run: npm install -g npm@12.2.0
109 notice  { force: true, Symbol(proc-log.meta): true }
110 verbose exit 0
111 info ok
