0 verbose cli C:\Program Files\nodejs\node.exe C:\Program Files\nodejs\node_modules\npm\bin\npm-cli.js
1 info using npm@11.16.0
2 info using node@v24.18.1
3 silly config load:file:C:\Program Files\nodejs\node_modules\npm\npmrc
4 silly config load:file:C:\Users\Win 11\SmartInventory_ver2.0\.tools\ui\.npmrc
5 silly config load:file:C:\Users\Win 11\.npmrc
6 silly config load:file:C:\Users\Win 11\SmartInventory_ver2.0\.tools\ui\etc\npmrc
7 verbose title npm install playwright
8 verbose argv "install" "--no-save" "--package-lock" "false" "--ignore-scripts" "--no-audit" "--no-fund" "--cache" ".tools/npm-cache" "--prefix" ".tools/ui" "playwright"
9 verbose logfile logs-max:10 dir:C:\Users\Win 11\SmartInventory_ver2.0\.tools\npm-cache\_logs\2026-10-04T04_41_17_827Z-
10 verbose logfile C:\Users\Win 11\SmartInventory_ver2.0\.tools\npm-cache\_logs\2026-10-04T04_41_17_827Z-debug-0.log
11 silly logfile done cleaning log files
12 silly allow-scripts no package.json at prefix Could not read package.json: Error: ENOENT: no such file or directory, open 'C:\Users\Win 11\SmartInventory_ver2.0\.tools\ui\package.json'
13 silly packumentCache heap:4496293888 maxSize:1124073472 maxEntrySize:562036736
14 silly idealTree buildDeps
15 silly fetch manifest playwright@*
16 silly packumentCache full:https://registry.npmjs.org/playwright cache-miss
17 http fetch GET 200 https://registry.npmjs.org/playwright 733ms (cache miss)
18 silly packumentCache full:https://registry.npmjs.org/playwright set size:undefined disposed:false
19 silly placeDep ROOT playwright@1.63.0 OK for:  want: *
20 silly fetch manifest playwright-core@1.63.0
21 silly packumentCache full:https://registry.npmjs.org/playwright-core cache-miss
22 http fetch GET 200 https://registry.npmjs.org/playwright-core 408ms (cache miss)
23 silly packumentCache full:https://registry.npmjs.org/playwright-core set size:undefined disposed:false
24 silly placeDep ROOT playwright-core@1.63.0 OK for: playwright@1.63.0 want: 1.63.0
25 silly reify moves {}
26 http cache playwright@https://registry.npmjs.org/playwright/-/playwright-1.63.0.tgz 1ms (cache hit)
27 http cache playwright-core@https://registry.npmjs.org/playwright-core/-/playwright-core-1.63.0.tgz 0ms (cache hit)
28 silly tarball no local data for playwright@https://registry.npmjs.org/playwright/-/playwright-1.63.0.tgz. Extracting by manifest.
29 silly tarball no local data for playwright-core@https://registry.npmjs.org/playwright-core/-/playwright-core-1.63.0.tgz. Extracting by manifest.
30 http fetch GET 200 https://registry.npmjs.org/playwright/-/playwright-1.63.0.tgz 490ms (cache miss)
31 http fetch GET 200 https://registry.npmjs.org/playwright-core/-/playwright-core-1.63.0.tgz 1304ms (cache miss)
32 silly ADD node_modules/playwright-core
33 silly ADD node_modules/playwright
34 verbose cwd C:\Users\Win 11\SmartInventory_ver2.0
35 verbose os Windows_NT 10.0.26200
36 verbose node v24.18.1
37 verbose npm  v11.16.0
38 verbose exit 0
39 info ok
