0 verbose cli C:\Program Files\nodejs\node.exe C:\Program Files\nodejs\node_modules\npm\bin\npm-cli.js
1 info using npm@11.16.0
2 info using node@v24.18.1
3 silly config load:file:C:\Program Files\nodejs\node_modules\npm\npmrc
4 silly config load:file:C:\Users\Win 11\SmartInventory_ver2.0\.tools\mqtt\.npmrc
5 silly config load:file:C:\Users\Win 11\.npmrc
6 silly config load:file:C:\Users\Win 11\SmartInventory_ver2.0\.tools\mqtt\etc\npmrc
7 verbose title npm install aedes@0.51.3
8 verbose argv "install" "--prefix" ".tools/mqtt" "--cache" ".tools/npm-cache" "aedes@0.51.3" "--no-audit" "--no-fund"
9 verbose logfile logs-max:10 dir:C:\Users\Win 11\SmartInventory_ver2.0\.tools\npm-cache\_logs\2026-10-05T09_41_33_900Z-
10 verbose logfile C:\Users\Win 11\SmartInventory_ver2.0\.tools\npm-cache\_logs\2026-10-05T09_41_33_900Z-debug-0.log
11 silly logfile done cleaning log files
12 silly allow-scripts no package.json at prefix Could not read package.json: Error: ENOENT: no such file or directory, open 'C:\Users\Win 11\SmartInventory_ver2.0\.tools\mqtt\package.json'
13 silly packumentCache heap:4496293888 maxSize:1124073472 maxEntrySize:562036736
14 silly idealTree buildDeps
15 silly fetch manifest aedes@0.51.3
16 silly packumentCache full:https://registry.npmjs.org/aedes cache-miss
17 http fetch GET 200 https://registry.npmjs.org/aedes 418ms (cache miss)
18 silly packumentCache full:https://registry.npmjs.org/aedes set size:undefined disposed:false
19 silly placeDep ROOT aedes@0.51.3 OK for:  want: 0.51.3
20 silly fetch manifest uuid@^10.0.0
21 silly packumentCache full:https://registry.npmjs.org/uuid cache-miss
22 silly fetch manifest hyperid@^3.2.0
23 silly packumentCache full:https://registry.npmjs.org/hyperid cache-miss
24 silly fetch manifest retimer@^4.0.0
25 silly packumentCache full:https://registry.npmjs.org/retimer cache-miss
26 silly fetch manifest reusify@^1.0.4
27 silly packumentCache full:https://registry.npmjs.org/reusify cache-miss
28 silly fetch manifest fastfall@^1.5.1
29 silly packumentCache full:https://registry.npmjs.org/fastfall cache-miss
30 silly fetch manifest mqemitter@^6.0.0
31 silly packumentCache full:https://registry.npmjs.org/mqemitter cache-miss
32 silly fetch manifest fastseries@^2.0.0
33 silly packumentCache full:https://registry.npmjs.org/fastseries cache-miss
34 http fetch GET 200 https://registry.npmjs.org/uuid 77ms (cache miss)
35 silly packumentCache full:https://registry.npmjs.org/uuid set size:undefined disposed:false
36 silly fetch manifest mqtt-packet@^9.0.0
37 silly packumentCache full:https://registry.npmjs.org/mqtt-packet cache-miss
38 http fetch GET 200 https://registry.npmjs.org/fastfall 130ms (cache miss)
39 silly packumentCache full:https://registry.npmjs.org/fastfall set size:undefined disposed:false
40 silly fetch manifest aedes-packet@^3.0.0
41 silly packumentCache full:https://registry.npmjs.org/aedes-packet cache-miss
42 http fetch GET 200 https://registry.npmjs.org/fastseries 143ms (cache miss)
43 silly packumentCache full:https://registry.npmjs.org/fastseries set size:undefined disposed:false
44 silly fetch manifest fastparallel@^2.4.1
45 silly packumentCache full:https://registry.npmjs.org/fastparallel cache-miss
46 http fetch GET 200 https://registry.npmjs.org/reusify 155ms (cache miss)
47 silly packumentCache full:https://registry.npmjs.org/reusify set size:undefined disposed:false
48 silly fetch manifest end-of-stream@^1.4.4
49 silly packumentCache full:https://registry.npmjs.org/end-of-stream cache-miss
50 http fetch GET 200 https://registry.npmjs.org/retimer 177ms (cache miss)
51 silly packumentCache full:https://registry.npmjs.org/retimer set size:undefined disposed:false
52 silly fetch manifest aedes-persistence@^9.1.2
53 silly packumentCache full:https://registry.npmjs.org/aedes-persistence cache-miss
54 http fetch GET 200 https://registry.npmjs.org/fastparallel 57ms (cache miss)
55 silly packumentCache full:https://registry.npmjs.org/fastparallel set size:undefined disposed:false
56 http fetch GET 200 https://registry.npmjs.org/end-of-stream 51ms (cache miss)
57 silly packumentCache full:https://registry.npmjs.org/end-of-stream set size:undefined disposed:false
58 http fetch GET 200 https://registry.npmjs.org/mqtt-packet 217ms (cache miss)
59 silly packumentCache full:https://registry.npmjs.org/mqtt-packet set size:undefined disposed:false
60 http fetch GET 200 https://registry.npmjs.org/mqemitter 302ms (cache miss)
61 silly packumentCache full:https://registry.npmjs.org/mqemitter set size:undefined disposed:false
62 http fetch GET 200 https://registry.npmjs.org/hyperid 317ms (cache miss)
63 silly packumentCache full:https://registry.npmjs.org/hyperid set size:undefined disposed:false
64 http fetch GET 200 https://registry.npmjs.org/aedes-packet 189ms (cache miss)
65 silly packumentCache full:https://registry.npmjs.org/aedes-packet set size:undefined disposed:false
66 http fetch GET 200 https://registry.npmjs.org/aedes-persistence 213ms (cache miss)
67 silly packumentCache full:https://registry.npmjs.org/aedes-persistence set size:undefined disposed:false
68 silly placeDep ROOT aedes-packet@3.0.0 OK for: aedes@0.51.3 want: ^3.0.0
69 silly placeDep ROOT aedes-persistence@9.1.2 OK for: aedes@0.51.3 want: ^9.1.2
70 silly placeDep ROOT end-of-stream@1.4.5 OK for: aedes@0.51.3 want: ^1.4.4
71 silly placeDep ROOT fastfall@1.5.1 OK for: aedes@0.51.3 want: ^1.5.1
72 silly placeDep ROOT fastparallel@2.4.1 OK for: aedes@0.51.3 want: ^2.4.1
73 silly placeDep ROOT fastseries@2.0.0 OK for: aedes@0.51.3 want: ^2.0.0
74 silly placeDep ROOT hyperid@3.3.0 OK for: aedes@0.51.3 want: ^3.2.0
75 silly placeDep ROOT mqemitter@6.0.2 OK for: aedes@0.51.3 want: ^6.0.0
76 silly placeDep ROOT mqtt-packet@9.0.2 OK for: aedes@0.51.3 want: ^9.0.0
77 silly placeDep ROOT retimer@4.0.0 OK for: aedes@0.51.3 want: ^4.0.0
78 silly placeDep ROOT reusify@1.1.0 OK for: aedes@0.51.3 want: ^1.0.4
79 silly placeDep ROOT uuid@10.0.0 OK for: aedes@0.51.3 want: ^10.0.0
80 silly fetch manifest mqtt-packet@^7.0.0
81 silly packumentCache full:https://registry.npmjs.org/mqtt-packet cache-miss
82 silly fetch manifest qlobber@^7.0.0
83 silly packumentCache full:https://registry.npmjs.org/qlobber cache-miss
84 silly fetch manifest once@^1.4.0
85 silly packumentCache full:https://registry.npmjs.org/once cache-miss
86 silly fetch manifest reusify@^1.0.0
87 silly packumentCache full:https://registry.npmjs.org/reusify cache-miss
88 silly fetch manifest xtend@^4.0.2
89 silly packumentCache full:https://registry.npmjs.org/xtend cache-miss
90 silly fetch manifest uuid@^8.3.2
91 silly packumentCache full:https://registry.npmjs.org/uuid cache-miss
92 silly fetch manifest buffer@^5.2.1
93 silly packumentCache full:https://registry.npmjs.org/buffer cache-miss
94 http cache https://registry.npmjs.org/mqtt-packet 13ms (cache hit)
95 silly packumentCache full:https://registry.npmjs.org/mqtt-packet set size:181823 disposed:false
96 silly fetch manifest uuid-parse@^1.1.0
97 silly packumentCache full:https://registry.npmjs.org/uuid-parse cache-miss
98 http cache https://registry.npmjs.org/reusify 16ms (cache hit)
99 silly packumentCache full:https://registry.npmjs.org/reusify set size:14249 disposed:false
100 silly fetch manifest qlobber@^8.0.1
101 silly packumentCache full:https://registry.npmjs.org/qlobber cache-miss
102 http cache https://registry.npmjs.org/uuid 18ms (cache hit)
103 silly packumentCache full:https://registry.npmjs.org/uuid set size:260936 disposed:false
104 silly fetch manifest bl@^6.0.8
105 silly packumentCache full:https://registry.npmjs.org/bl cache-miss
106 http fetch GET 200 https://registry.npmjs.org/once 48ms (cache miss)
107 silly packumentCache full:https://registry.npmjs.org/once set size:undefined disposed:false
108 silly fetch manifest debug@^4.3.4
109 silly packumentCache full:https://registry.npmjs.org/debug cache-miss
110 http fetch GET 200 https://registry.npmjs.org/xtend 61ms (cache miss)
111 silly packumentCache full:https://registry.npmjs.org/xtend set size:undefined disposed:false
112 silly fetch manifest process-nextick-args@^2.0.1
113 silly packumentCache full:https://registry.npmjs.org/process-nextick-args cache-miss
114 http fetch GET 200 https://registry.npmjs.org/qlobber 52ms (cache miss)
115 silly packumentCache full:https://registry.npmjs.org/qlobber set size:undefined disposed:false
116 silly fetch manifest worker-timers@^7.0.75
117 silly packumentCache full:https://registry.npmjs.org/worker-timers cache-miss
118 http fetch GET 200 https://registry.npmjs.org/qlobber 72ms (cache miss)
119 silly packumentCache full:https://registry.npmjs.org/qlobber set size:undefined disposed:false
120 http fetch GET 200 https://registry.npmjs.org/buffer 99ms (cache miss)
121 silly packumentCache full:https://registry.npmjs.org/buffer set size:undefined disposed:false
122 http fetch GET 200 https://registry.npmjs.org/bl 95ms (cache miss)
123 silly packumentCache full:https://registry.npmjs.org/bl set size:undefined disposed:false
124 http fetch GET 200 https://registry.npmjs.org/debug 76ms (cache miss)
125 silly packumentCache full:https://registry.npmjs.org/debug set size:undefined disposed:false
126 http fetch GET 200 https://registry.npmjs.org/process-nextick-args 101ms (cache miss)
127 silly packumentCache full:https://registry.npmjs.org/process-nextick-args set size:undefined disposed:false
128 http fetch GET 200 https://registry.npmjs.org/worker-timers 121ms (cache miss)
129 silly packumentCache full:https://registry.npmjs.org/worker-timers set size:undefined disposed:false
130 http fetch GET 200 https://registry.npmjs.org/uuid-parse 206ms (cache miss)
131 silly packumentCache full:https://registry.npmjs.org/uuid-parse set size:undefined disposed:false
132 silly placeDep node_modules/aedes-packet mqtt-packet@7.1.2 OK for: aedes-packet@3.0.0 want: ^7.0.0
133 silly fetch manifest bl@^4.0.2
134 silly packumentCache full:https://registry.npmjs.org/bl cache-miss
135 silly fetch manifest debug@^4.1.1
136 silly packumentCache full:https://registry.npmjs.org/debug cache-miss
137 http cache https://registry.npmjs.org/bl 9ms (cache hit)
138 silly packumentCache full:https://registry.npmjs.org/bl set size:237796 disposed:false
139 http cache https://registry.npmjs.org/debug 11ms (cache hit)
140 silly packumentCache full:https://registry.npmjs.org/debug set size:195840 disposed:false
141 silly placeDep ROOT qlobber@7.0.1 OK for: aedes-persistence@9.1.2 want: ^7.0.0
142 silly placeDep ROOT once@1.4.0 OK for: end-of-stream@1.4.5 want: ^1.4.0
143 silly fetch manifest wrappy@1
144 silly packumentCache full:https://registry.npmjs.org/wrappy cache-miss
145 http fetch GET 200 https://registry.npmjs.org/wrappy 46ms (cache miss)
146 silly packumentCache full:https://registry.npmjs.org/wrappy set size:undefined disposed:false
147 silly placeDep ROOT xtend@4.0.2 OK for: fastparallel@2.4.1 want: ^4.0.2
148 silly placeDep ROOT buffer@5.7.1 OK for: hyperid@3.3.0 want: ^5.2.1
149 silly placeDep node_modules/hyperid uuid@8.3.2 OK for: hyperid@3.3.0 want: ^8.3.2
150 silly placeDep ROOT uuid-parse@1.1.0 OK for: hyperid@3.3.0 want: ^1.1.0
151 silly fetch manifest base64-js@^1.3.1
152 silly packumentCache full:https://registry.npmjs.org/base64-js cache-miss
153 silly fetch manifest ieee754@^1.1.13
154 silly packumentCache full:https://registry.npmjs.org/ieee754 cache-miss
155 http fetch GET 200 https://registry.npmjs.org/base64-js 62ms (cache miss)
156 silly packumentCache full:https://registry.npmjs.org/base64-js set size:undefined disposed:false
157 http fetch GET 200 https://registry.npmjs.org/ieee754 65ms (cache miss)
158 silly packumentCache full:https://registry.npmjs.org/ieee754 set size:undefined disposed:false
159 silly placeDep ROOT base64-js@1.5.1 OK for: buffer@5.7.1 want: ^1.3.1
160 silly placeDep ROOT ieee754@1.2.1 OK for: buffer@5.7.1 want: ^1.1.13
161 silly placeDep node_modules/mqemitter qlobber@8.0.1 OK for: mqemitter@6.0.2 want: ^8.0.1
162 silly placeDep ROOT bl@6.1.6 OK for: mqtt-packet@9.0.2 want: ^6.0.8
163 silly placeDep ROOT debug@4.4.3 OK for: mqtt-packet@9.0.2 want: ^4.3.4
164 silly placeDep ROOT process-nextick-args@2.0.1 OK for: mqtt-packet@9.0.2 want: ^2.0.1
165 silly fetch manifest buffer@^6.0.3
166 silly packumentCache full:https://registry.npmjs.org/buffer cache-miss
167 silly fetch manifest inherits@^2.0.4
168 silly packumentCache full:https://registry.npmjs.org/inherits cache-miss
169 silly fetch manifest readable-stream@^4.2.0
170 silly packumentCache full:https://registry.npmjs.org/readable-stream cache-miss
171 silly fetch manifest @types/readable-stream@^4.0.0
172 silly packumentCache full:https://registry.npmjs.org/@types%2freadable-stream cache-miss
173 silly fetch manifest ms@^2.1.3
174 silly packumentCache full:https://registry.npmjs.org/ms cache-miss
175 http cache https://registry.npmjs.org/buffer 11ms (cache hit)
176 silly packumentCache full:https://registry.npmjs.org/buffer set size:280480 disposed:false
177 http fetch GET 200 https://registry.npmjs.org/inherits 49ms (cache miss)
178 silly packumentCache full:https://registry.npmjs.org/inherits set size:undefined disposed:false
179 http fetch GET 200 https://registry.npmjs.org/@types%2freadable-stream 65ms (cache miss)
180 silly packumentCache full:https://registry.npmjs.org/@types%2freadable-stream set size:undefined disposed:false
181 http fetch GET 200 https://registry.npmjs.org/ms 66ms (cache miss)
182 silly packumentCache full:https://registry.npmjs.org/ms set size:undefined disposed:false
183 http fetch GET 200 https://registry.npmjs.org/readable-stream 82ms (cache miss)
184 silly packumentCache full:https://registry.npmjs.org/readable-stream set size:undefined disposed:false
185 silly placeDep ROOT @types/readable-stream@4.0.25 OK for: bl@6.1.6 want: ^4.0.0
186 silly placeDep node_modules/bl buffer@6.0.3 OK for: bl@6.1.6 want: ^6.0.3
187 silly placeDep ROOT inherits@2.0.4 OK for: bl@6.1.6 want: ^2.0.4
188 silly placeDep ROOT readable-stream@4.7.0 OK for: bl@6.1.6 want: ^4.2.0
189 silly fetch manifest @types/node@*
190 silly packumentCache full:https://registry.npmjs.org/@types%2fnode cache-miss
191 silly fetch manifest abort-controller@^3.0.0
192 silly packumentCache full:https://registry.npmjs.org/abort-controller cache-miss
193 silly fetch manifest events@^3.3.0
194 silly packumentCache full:https://registry.npmjs.org/events cache-miss
195 silly fetch manifest process@^0.11.10
196 silly packumentCache full:https://registry.npmjs.org/process cache-miss
197 silly fetch manifest string_decoder@^1.3.0
198 silly packumentCache full:https://registry.npmjs.org/string_decoder cache-miss
199 http fetch GET 200 https://registry.npmjs.org/process 49ms (cache miss)
200 silly packumentCache full:https://registry.npmjs.org/process set size:undefined disposed:false
201 http fetch GET 200 https://registry.npmjs.org/events 62ms (cache miss)
202 silly packumentCache full:https://registry.npmjs.org/events set size:undefined disposed:false
203 http fetch GET 200 https://registry.npmjs.org/string_decoder 65ms (cache miss)
204 silly packumentCache full:https://registry.npmjs.org/string_decoder set size:undefined disposed:false
205 http fetch GET 200 https://registry.npmjs.org/abort-controller 67ms (cache miss)
206 silly packumentCache full:https://registry.npmjs.org/abort-controller set size:undefined disposed:false
207 http fetch GET 200 https://registry.npmjs.org/@types%2fnode 285ms (cache miss)
208 silly packumentCache full:https://registry.npmjs.org/@types%2fnode set size:undefined disposed:false
209 silly placeDep ROOT @types/node@26.6.4 OK for: @types/readable-stream@4.0.25 want: *
210 silly fetch manifest undici-types@~8.9.0
211 silly packumentCache full:https://registry.npmjs.org/undici-types cache-miss
212 http fetch GET 200 https://registry.npmjs.org/undici-types 62ms (cache miss)
213 silly packumentCache full:https://registry.npmjs.org/undici-types set size:undefined disposed:false
214 silly placeDep ROOT undici-types@8.9.0 OK for: @types/node@26.6.4 want: ~8.9.0
215 silly placeDep ROOT ms@2.1.3 OK for: debug@4.4.3 want: ^2.1.3
216 silly placeDep ROOT wrappy@1.0.2 OK for: once@1.4.0 want: 1
217 silly placeDep ROOT abort-controller@3.0.0 OK for: readable-stream@4.7.0 want: ^3.0.0
218 silly placeDep node_modules/readable-stream buffer@6.0.3 OK for: readable-stream@4.7.0 want: ^6.0.3
219 silly placeDep ROOT events@3.3.0 OK for: readable-stream@4.7.0 want: ^3.3.0
220 silly placeDep ROOT process@0.11.10 OK for: readable-stream@4.7.0 want: ^0.11.10
221 silly placeDep ROOT string_decoder@1.3.0 OK for: readable-stream@4.7.0 want: ^1.3.0
222 silly fetch manifest event-target-shim@^5.0.0
223 silly packumentCache full:https://registry.npmjs.org/event-target-shim cache-miss
224 silly fetch manifest safe-buffer@~5.2.0
225 silly packumentCache full:https://registry.npmjs.org/safe-buffer cache-miss
226 http fetch GET 200 https://registry.npmjs.org/safe-buffer 49ms (cache miss)
227 silly packumentCache full:https://registry.npmjs.org/safe-buffer set size:undefined disposed:false
228 http fetch GET 200 https://registry.npmjs.org/event-target-shim 67ms (cache miss)
229 silly packumentCache full:https://registry.npmjs.org/event-target-shim set size:undefined disposed:false
230 silly placeDep ROOT event-target-shim@5.0.1 OK for: abort-controller@3.0.0 want: ^5.0.0
231 silly placeDep ROOT worker-timers@7.1.8 OK for: retimer@4.0.0 want: ^7.0.75
232 silly fetch manifest tslib@^2.6.2
233 silly packumentCache full:https://registry.npmjs.org/tslib cache-miss
234 silly fetch manifest @babel/runtime@^7.24.5
235 silly packumentCache full:https://registry.npmjs.org/@babel%2fruntime cache-miss
236 silly fetch manifest worker-timers-broker@^6.1.8
237 silly packumentCache full:https://registry.npmjs.org/worker-timers-broker cache-miss
238 silly fetch manifest worker-timers-worker@^7.0.71
239 silly packumentCache full:https://registry.npmjs.org/worker-timers-worker cache-miss
240 http fetch GET 200 https://registry.npmjs.org/tslib 66ms (cache miss)
241 silly packumentCache full:https://registry.npmjs.org/tslib set size:undefined disposed:false
242 http fetch GET 200 https://registry.npmjs.org/worker-timers-worker 69ms (cache miss)
243 silly packumentCache full:https://registry.npmjs.org/worker-timers-worker set size:undefined disposed:false
244 http fetch GET 200 https://registry.npmjs.org/worker-timers-broker 185ms (cache miss)
245 silly packumentCache full:https://registry.npmjs.org/worker-timers-broker set size:undefined disposed:false
246 http fetch GET 200 https://registry.npmjs.org/@babel%2fruntime 221ms (cache miss)
247 silly packumentCache full:https://registry.npmjs.org/@babel%2fruntime set size:undefined disposed:false
248 silly placeDep ROOT safe-buffer@5.2.1 OK for: string_decoder@1.3.0 want: ~5.2.0
249 silly placeDep ROOT @babel/runtime@7.29.7 OK for: worker-timers@7.1.8 want: ^7.24.5
250 silly placeDep ROOT tslib@2.8.1 OK for: worker-timers@7.1.8 want: ^2.6.2
251 silly placeDep ROOT worker-timers-broker@6.1.8 OK for: worker-timers@7.1.8 want: ^6.1.8
252 silly placeDep ROOT worker-timers-worker@7.0.71 OK for: worker-timers@7.1.8 want: ^7.0.71
253 silly fetch manifest fast-unique-numbers@^8.0.13
254 silly packumentCache full:https://registry.npmjs.org/fast-unique-numbers cache-miss
255 http fetch GET 200 https://registry.npmjs.org/fast-unique-numbers 80ms (cache miss)
256 silly packumentCache full:https://registry.npmjs.org/fast-unique-numbers set size:undefined disposed:false
257 silly placeDep ROOT fast-unique-numbers@8.0.13 OK for: worker-timers-broker@6.1.8 want: ^8.0.13
258 silly placeDep node_modules/aedes-packet bl@4.1.0 OK for: mqtt-packet@7.1.2 want: ^4.0.2
259 silly fetch manifest readable-stream@^3.4.0
260 silly packumentCache full:https://registry.npmjs.org/readable-stream cache-miss
261 http cache https://registry.npmjs.org/readable-stream 7ms (cache hit)
262 silly packumentCache full:https://registry.npmjs.org/readable-stream set size:261096 disposed:false
263 silly placeDep node_modules/aedes-packet readable-stream@3.6.2 OK for: bl@4.1.0 want: ^3.4.0
264 silly fetch manifest util-deprecate@^1.0.1
265 silly packumentCache full:https://registry.npmjs.org/util-deprecate cache-miss
266 http fetch GET 200 https://registry.npmjs.org/util-deprecate 44ms (cache miss)
267 silly packumentCache full:https://registry.npmjs.org/util-deprecate set size:undefined disposed:false
268 silly placeDep ROOT util-deprecate@1.0.2 OK for: readable-stream@3.6.2 want: ^1.0.1
269 silly reify moves {}
270 http cache util-deprecate@https://registry.npmjs.org/util-deprecate/-/util-deprecate-1.0.2.tgz 0ms (cache hit)
271 http cache fast-unique-numbers@https://registry.npmjs.org/fast-unique-numbers/-/fast-unique-numbers-8.0.13.tgz 0ms (cache hit)
272 http cache worker-timers-worker@https://registry.npmjs.org/worker-timers-worker/-/worker-timers-worker-7.0.71.tgz 0ms (cache hit)
273 http cache worker-timers-broker@https://registry.npmjs.org/worker-timers-broker/-/worker-timers-broker-6.1.8.tgz 0ms (cache hit)
274 http cache @babel/runtime@https://registry.npmjs.org/@babel/runtime/-/runtime-7.29.7.tgz 0ms (cache hit)
275 http cache tslib@https://registry.npmjs.org/tslib/-/tslib-2.8.1.tgz 0ms (cache hit)
276 http cache safe-buffer@https://registry.npmjs.org/safe-buffer/-/safe-buffer-5.2.1.tgz 0ms (cache hit)
277 http cache worker-timers@https://registry.npmjs.org/worker-timers/-/worker-timers-7.1.8.tgz 0ms (cache hit)
278 http cache event-target-shim@https://registry.npmjs.org/event-target-shim/-/event-target-shim-5.0.1.tgz 0ms (cache hit)
279 http cache string_decoder@https://registry.npmjs.org/string_decoder/-/string_decoder-1.3.0.tgz 0ms (cache hit)
280 http cache process@https://registry.npmjs.org/process/-/process-0.11.10.tgz 0ms (cache hit)
281 http cache events@https://registry.npmjs.org/events/-/events-3.3.0.tgz 0ms (cache hit)
282 http cache abort-controller@https://registry.npmjs.org/abort-controller/-/abort-controller-3.0.0.tgz 0ms (cache hit)
283 http cache wrappy@https://registry.npmjs.org/wrappy/-/wrappy-1.0.2.tgz 0ms (cache hit)
284 http cache @types/node@https://registry.npmjs.org/@types/node/-/node-26.6.4.tgz 0ms (cache hit)
285 http cache ms@https://registry.npmjs.org/ms/-/ms-2.1.3.tgz 0ms (cache hit)
286 http cache undici-types@https://registry.npmjs.org/undici-types/-/undici-types-8.9.0.tgz 0ms (cache hit)
287 http cache @types/readable-stream@https://registry.npmjs.org/@types/readable-stream/-/readable-stream-4.0.25.tgz 0ms (cache hit)
288 http cache readable-stream@https://registry.npmjs.org/readable-stream/-/readable-stream-4.7.0.tgz 1ms (cache hit)
289 http cache inherits@https://registry.npmjs.org/inherits/-/inherits-2.0.4.tgz 0ms (cache hit)
290 http cache process-nextick-args@https://registry.npmjs.org/process-nextick-args/-/process-nextick-args-2.0.1.tgz 0ms (cache hit)
291 http cache debug@https://registry.npmjs.org/debug/-/debug-4.4.3.tgz 0ms (cache hit)
292 http cache bl@https://registry.npmjs.org/bl/-/bl-6.1.6.tgz 0ms (cache hit)
293 http cache ieee754@https://registry.npmjs.org/ieee754/-/ieee754-1.2.1.tgz 0ms (cache hit)
294 http cache base64-js@https://registry.npmjs.org/base64-js/-/base64-js-1.5.1.tgz 0ms (cache hit)
295 http cache uuid-parse@https://registry.npmjs.org/uuid-parse/-/uuid-parse-1.1.0.tgz 0ms (cache hit)
296 http cache buffer@https://registry.npmjs.org/buffer/-/buffer-5.7.1.tgz 0ms (cache hit)
297 http cache once@https://registry.npmjs.org/once/-/once-1.4.0.tgz 0ms (cache hit)
298 http cache qlobber@https://registry.npmjs.org/qlobber/-/qlobber-7.0.1.tgz 0ms (cache hit)
299 http cache xtend@https://registry.npmjs.org/xtend/-/xtend-4.0.2.tgz 0ms (cache hit)
300 http cache uuid@https://registry.npmjs.org/uuid/-/uuid-10.0.0.tgz 0ms (cache hit)
301 http cache reusify@https://registry.npmjs.org/reusify/-/reusify-1.1.0.tgz 0ms (cache hit)
302 http cache mqtt-packet@https://registry.npmjs.org/mqtt-packet/-/mqtt-packet-9.0.2.tgz 0ms (cache hit)
303 http cache mqemitter@https://registry.npmjs.org/mqemitter/-/mqemitter-6.0.2.tgz 0ms (cache hit)
304 http cache fastseries@https://registry.npmjs.org/fastseries/-/fastseries-2.0.0.tgz 0ms (cache hit)
305 http cache hyperid@https://registry.npmjs.org/hyperid/-/hyperid-3.3.0.tgz 1ms (cache hit)
306 http cache retimer@https://registry.npmjs.org/retimer/-/retimer-4.0.0.tgz 0ms (cache hit)
307 http cache end-of-stream@https://registry.npmjs.org/end-of-stream/-/end-of-stream-1.4.5.tgz 0ms (cache hit)
308 http cache fastparallel@https://registry.npmjs.org/fastparallel/-/fastparallel-2.4.1.tgz 0ms (cache hit)
309 http cache buffer@https://registry.npmjs.org/buffer/-/buffer-6.0.3.tgz 0ms (cache hit)
310 http cache uuid@https://registry.npmjs.org/uuid/-/uuid-8.3.2.tgz 0ms (cache hit)
311 http cache fastfall@https://registry.npmjs.org/fastfall/-/fastfall-1.5.1.tgz 0ms (cache hit)
312 http cache buffer@https://registry.npmjs.org/buffer/-/buffer-6.0.3.tgz 0ms (cache hit)
313 http cache aedes-persistence@https://registry.npmjs.org/aedes-persistence/-/aedes-persistence-9.1.2.tgz 0ms (cache hit)
314 http cache aedes-packet@https://registry.npmjs.org/aedes-packet/-/aedes-packet-3.0.0.tgz 0ms (cache hit)
315 http cache aedes@https://registry.npmjs.org/aedes/-/aedes-0.51.3.tgz 0ms (cache hit)
316 http cache qlobber@https://registry.npmjs.org/qlobber/-/qlobber-8.0.1.tgz 0ms (cache hit)
317 silly tarball no local data for util-deprecate@https://registry.npmjs.org/util-deprecate/-/util-deprecate-1.0.2.tgz. Extracting by manifest.
318 silly tarball no local data for fast-unique-numbers@https://registry.npmjs.org/fast-unique-numbers/-/fast-unique-numbers-8.0.13.tgz. Extracting by manifest.
319 silly tarball no local data for worker-timers-worker@https://registry.npmjs.org/worker-timers-worker/-/worker-timers-worker-7.0.71.tgz. Extracting by manifest.
320 silly tarball no local data for worker-timers-broker@https://registry.npmjs.org/worker-timers-broker/-/worker-timers-broker-6.1.8.tgz. Extracting by manifest.
321 silly tarball no local data for @babel/runtime@https://registry.npmjs.org/@babel/runtime/-/runtime-7.29.7.tgz. Extracting by manifest.
322 silly tarball no local data for tslib@https://registry.npmjs.org/tslib/-/tslib-2.8.1.tgz. Extracting by manifest.
323 silly tarball no local data for safe-buffer@https://registry.npmjs.org/safe-buffer/-/safe-buffer-5.2.1.tgz. Extracting by manifest.
324 silly tarball no local data for worker-timers@https://registry.npmjs.org/worker-timers/-/worker-timers-7.1.8.tgz. Extracting by manifest.
325 silly tarball no local data for event-target-shim@https://registry.npmjs.org/event-target-shim/-/event-target-shim-5.0.1.tgz. Extracting by manifest.
326 silly tarball no local data for string_decoder@https://registry.npmjs.org/string_decoder/-/string_decoder-1.3.0.tgz. Extracting by manifest.
327 silly tarball no local data for process@https://registry.npmjs.org/process/-/process-0.11.10.tgz. Extracting by manifest.
328 silly tarball no local data for events@https://registry.npmjs.org/events/-/events-3.3.0.tgz. Extracting by manifest.
329 silly tarball no local data for abort-controller@https://registry.npmjs.org/abort-controller/-/abort-controller-3.0.0.tgz. Extracting by manifest.
330 silly tarball no local data for wrappy@https://registry.npmjs.org/wrappy/-/wrappy-1.0.2.tgz. Extracting by manifest.
331 silly tarball no local data for @types/node@https://registry.npmjs.org/@types/node/-/node-26.6.4.tgz. Extracting by manifest.
332 silly tarball no local data for ms@https://registry.npmjs.org/ms/-/ms-2.1.3.tgz. Extracting by manifest.
333 silly tarball no local data for undici-types@https://registry.npmjs.org/undici-types/-/undici-types-8.9.0.tgz. Extracting by manifest.
334 silly tarball no local data for @types/readable-stream@https://registry.npmjs.org/@types/readable-stream/-/readable-stream-4.0.25.tgz. Extracting by manifest.
335 silly tarball no local data for readable-stream@https://registry.npmjs.org/readable-stream/-/readable-stream-4.7.0.tgz. Extracting by manifest.
336 silly tarball no local data for inherits@https://registry.npmjs.org/inherits/-/inherits-2.0.4.tgz. Extracting by manifest.
337 silly tarball no local data for process-nextick-args@https://registry.npmjs.org/process-nextick-args/-/process-nextick-args-2.0.1.tgz. Extracting by manifest.
338 silly tarball no local data for debug@https://registry.npmjs.org/debug/-/debug-4.4.3.tgz. Extracting by manifest.
339 silly tarball no local data for bl@https://registry.npmjs.org/bl/-/bl-6.1.6.tgz. Extracting by manifest.
340 silly tarball no local data for ieee754@https://registry.npmjs.org/ieee754/-/ieee754-1.2.1.tgz. Extracting by manifest.
341 silly tarball no local data for base64-js@https://registry.npmjs.org/base64-js/-/base64-js-1.5.1.tgz. Extracting by manifest.
342 silly tarball no local data for uuid-parse@https://registry.npmjs.org/uuid-parse/-/uuid-parse-1.1.0.tgz. Extracting by manifest.
343 silly tarball no local data for buffer@https://registry.npmjs.org/buffer/-/buffer-5.7.1.tgz. Extracting by manifest.
344 silly tarball no local data for once@https://registry.npmjs.org/once/-/once-1.4.0.tgz. Extracting by manifest.
345 silly tarball no local data for qlobber@https://registry.npmjs.org/qlobber/-/qlobber-7.0.1.tgz. Extracting by manifest.
346 silly tarball no local data for xtend@https://registry.npmjs.org/xtend/-/xtend-4.0.2.tgz. Extracting by manifest.
347 http cache readable-stream@https://registry.npmjs.org/readable-stream/-/readable-stream-3.6.2.tgz 0ms (cache hit)
348 silly tarball no local data for uuid@https://registry.npmjs.org/uuid/-/uuid-10.0.0.tgz. Extracting by manifest.
349 http cache bl@https://registry.npmjs.org/bl/-/bl-4.1.0.tgz 0ms (cache hit)
350 silly tarball no local data for reusify@https://registry.npmjs.org/reusify/-/reusify-1.1.0.tgz. Extracting by manifest.
351 silly tarball no local data for mqtt-packet@https://registry.npmjs.org/mqtt-packet/-/mqtt-packet-9.0.2.tgz. Extracting by manifest.
352 http cache mqtt-packet@https://registry.npmjs.org/mqtt-packet/-/mqtt-packet-7.1.2.tgz 0ms (cache hit)
353 silly tarball no local data for mqemitter@https://registry.npmjs.org/mqemitter/-/mqemitter-6.0.2.tgz. Extracting by manifest.
354 silly tarball no local data for fastseries@https://registry.npmjs.org/fastseries/-/fastseries-2.0.0.tgz. Extracting by manifest.
355 silly tarball no local data for hyperid@https://registry.npmjs.org/hyperid/-/hyperid-3.3.0.tgz. Extracting by manifest.
356 silly tarball no local data for retimer@https://registry.npmjs.org/retimer/-/retimer-4.0.0.tgz. Extracting by manifest.
357 silly tarball no local data for end-of-stream@https://registry.npmjs.org/end-of-stream/-/end-of-stream-1.4.5.tgz. Extracting by manifest.
358 silly tarball no local data for fastparallel@https://registry.npmjs.org/fastparallel/-/fastparallel-2.4.1.tgz. Extracting by manifest.
359 silly tarball no local data for buffer@https://registry.npmjs.org/buffer/-/buffer-6.0.3.tgz. Extracting by manifest.
360 silly tarball no local data for uuid@https://registry.npmjs.org/uuid/-/uuid-8.3.2.tgz. Extracting by manifest.
361 silly tarball no local data for fastfall@https://registry.npmjs.org/fastfall/-/fastfall-1.5.1.tgz. Extracting by manifest.
362 silly tarball no local data for buffer@https://registry.npmjs.org/buffer/-/buffer-6.0.3.tgz. Extracting by manifest.
363 silly tarball no local data for aedes-persistence@https://registry.npmjs.org/aedes-persistence/-/aedes-persistence-9.1.2.tgz. Extracting by manifest.
364 silly tarball no local data for aedes-packet@https://registry.npmjs.org/aedes-packet/-/aedes-packet-3.0.0.tgz. Extracting by manifest.
365 silly tarball no local data for aedes@https://registry.npmjs.org/aedes/-/aedes-0.51.3.tgz. Extracting by manifest.
366 silly tarball no local data for qlobber@https://registry.npmjs.org/qlobber/-/qlobber-8.0.1.tgz. Extracting by manifest.
367 silly tarball no local data for readable-stream@https://registry.npmjs.org/readable-stream/-/readable-stream-3.6.2.tgz. Extracting by manifest.
368 silly tarball no local data for bl@https://registry.npmjs.org/bl/-/bl-4.1.0.tgz. Extracting by manifest.
369 silly tarball no local data for mqtt-packet@https://registry.npmjs.org/mqtt-packet/-/mqtt-packet-7.1.2.tgz. Extracting by manifest.
370 http fetch GET 200 https://registry.npmjs.org/fast-unique-numbers/-/fast-unique-numbers-8.0.13.tgz 147ms (cache miss)
371 http fetch GET 200 https://registry.npmjs.org/util-deprecate/-/util-deprecate-1.0.2.tgz 172ms (cache miss)
372 http fetch GET 200 https://registry.npmjs.org/safe-buffer/-/safe-buffer-5.2.1.tgz 169ms (cache miss)
373 http fetch GET 200 https://registry.npmjs.org/worker-timers-broker/-/worker-timers-broker-6.1.8.tgz 179ms (cache miss)
374 http fetch GET 200 https://registry.npmjs.org/ms/-/ms-2.1.3.tgz 185ms (cache miss)
375 http fetch GET 200 https://registry.npmjs.org/@types/readable-stream/-/readable-stream-4.0.25.tgz 220ms (cache miss)
376 http fetch GET 200 https://registry.npmjs.org/process-nextick-args/-/process-nextick-args-2.0.1.tgz 270ms (cache miss)
377 http fetch GET 200 https://registry.npmjs.org/inherits/-/inherits-2.0.4.tgz 284ms (cache miss)
378 http fetch GET 200 https://registry.npmjs.org/debug/-/debug-4.4.3.tgz 316ms (cache miss)
379 http fetch GET 200 https://registry.npmjs.org/ieee754/-/ieee754-1.2.1.tgz 345ms (cache miss)
380 http fetch GET 200 https://registry.npmjs.org/once/-/once-1.4.0.tgz 367ms (cache miss)
381 http fetch GET 200 https://registry.npmjs.org/base64-js/-/base64-js-1.5.1.tgz 372ms (cache miss)
382 http fetch GET 200 https://registry.npmjs.org/wrappy/-/wrappy-1.0.2.tgz 378ms (cache miss)
383 http fetch GET 200 https://registry.npmjs.org/uuid-parse/-/uuid-parse-1.1.0.tgz 373ms (cache miss)
384 http fetch GET 200 https://registry.npmjs.org/xtend/-/xtend-4.0.2.tgz 389ms (cache miss)
385 http fetch GET 200 https://registry.npmjs.org/hyperid/-/hyperid-3.3.0.tgz 391ms (cache miss)
386 http fetch GET 200 https://registry.npmjs.org/end-of-stream/-/end-of-stream-1.4.5.tgz 394ms (cache miss)
387 http fetch GET 200 https://registry.npmjs.org/process/-/process-0.11.10.tgz 414ms (cache miss)
388 http fetch GET 200 https://registry.npmjs.org/qlobber/-/qlobber-8.0.1.tgz 401ms (cache miss)
389 http fetch GET 200 https://registry.npmjs.org/string_decoder/-/string_decoder-1.3.0.tgz 423ms (cache miss)
390 http fetch GET 200 https://registry.npmjs.org/buffer/-/buffer-6.0.3.tgz 450ms (cache miss)
391 http fetch GET 200 https://registry.npmjs.org/tslib/-/tslib-2.8.1.tgz 475ms (cache miss)
392 http fetch GET 200 https://registry.npmjs.org/buffer/-/buffer-5.7.1.tgz 468ms (cache miss)
393 http fetch GET 200 https://registry.npmjs.org/fastseries/-/fastseries-2.0.0.tgz 471ms (cache miss)
394 http fetch GET 200 https://registry.npmjs.org/qlobber/-/qlobber-7.0.1.tgz 499ms (cache miss)
395 http fetch GET 200 https://registry.npmjs.org/fastfall/-/fastfall-1.5.1.tgz 495ms (cache miss)
396 http fetch GET 200 https://registry.npmjs.org/fastparallel/-/fastparallel-2.4.1.tgz 521ms (cache miss)
397 http fetch GET 200 https://registry.npmjs.org/buffer/-/buffer-6.0.3.tgz 527ms (cache miss)
398 http fetch GET 200 https://registry.npmjs.org/aedes-packet/-/aedes-packet-3.0.0.tgz 532ms (cache miss)
399 http fetch GET 200 https://registry.npmjs.org/retimer/-/retimer-4.0.0.tgz 541ms (cache miss)
400 http fetch GET 200 https://registry.npmjs.org/bl/-/bl-4.1.0.tgz 521ms (cache miss)
401 http fetch GET 200 https://registry.npmjs.org/aedes-persistence/-/aedes-persistence-9.1.2.tgz 555ms (cache miss)
402 http fetch GET 200 https://registry.npmjs.org/bl/-/bl-6.1.6.tgz 568ms (cache miss)
403 http fetch GET 200 https://registry.npmjs.org/reusify/-/reusify-1.1.0.tgz 565ms (cache miss)
404 http fetch GET 200 https://registry.npmjs.org/mqemitter/-/mqemitter-6.0.2.tgz 593ms (cache miss)
405 http fetch GET 200 https://registry.npmjs.org/abort-controller/-/abort-controller-3.0.0.tgz 619ms (cache miss)
406 http fetch GET 200 https://registry.npmjs.org/event-target-shim/-/event-target-shim-5.0.1.tgz 622ms (cache miss)
407 http fetch GET 200 https://registry.npmjs.org/mqtt-packet/-/mqtt-packet-9.0.2.tgz 627ms (cache miss)
408 http fetch GET 200 https://registry.npmjs.org/mqtt-packet/-/mqtt-packet-7.1.2.tgz 613ms (cache miss)
409 http fetch GET 200 https://registry.npmjs.org/worker-timers/-/worker-timers-7.1.8.tgz 674ms (cache miss)
410 http fetch GET 200 https://registry.npmjs.org/events/-/events-3.3.0.tgz 693ms (cache miss)
411 http fetch GET 200 https://registry.npmjs.org/readable-stream/-/readable-stream-3.6.2.tgz 660ms (cache miss)
412 http fetch GET 200 https://registry.npmjs.org/undici-types/-/undici-types-8.9.0.tgz 700ms (cache miss)
413 http fetch GET 200 https://registry.npmjs.org/readable-stream/-/readable-stream-4.7.0.tgz 761ms (cache miss)
414 http fetch GET 200 https://registry.npmjs.org/aedes/-/aedes-0.51.3.tgz 889ms (cache miss)
415 http fetch GET 200 https://registry.npmjs.org/uuid/-/uuid-8.3.2.tgz 927ms (cache miss)
416 warn deprecated uuid@8.3.2: uuid@10 and below is no longer supported.  For ESM codebases, update to uuid@latest.  For CommonJS codebases, use uuid@11 (but be aware this version will likely be deprecated in 2028).
417 http fetch GET 200 https://registry.npmjs.org/worker-timers-worker/-/worker-timers-worker-7.0.71.tgz 1004ms (cache miss)
418 http fetch GET 200 https://registry.npmjs.org/uuid/-/uuid-10.0.0.tgz 1009ms (cache miss)
419 warn deprecated uuid@10.0.0: uuid@10 and below is no longer supported.  For ESM codebases, update to uuid@latest.  For CommonJS codebases, use uuid@11 (but be aware this version will likely be deprecated in 2028).
420 http fetch GET 200 https://registry.npmjs.org/@types/node/-/node-26.6.4.tgz 1023ms (cache miss)
421 http fetch GET 200 https://registry.npmjs.org/@babel/runtime/-/runtime-7.29.7.tgz 1253ms (cache miss)
422 silly ADD node_modules/util-deprecate
423 silly ADD node_modules/fast-unique-numbers
424 silly ADD node_modules/worker-timers-worker
425 silly ADD node_modules/worker-timers-broker
426 silly ADD node_modules/tslib
427 silly ADD node_modules/@babel/runtime
428 silly ADD node_modules/safe-buffer
429 silly ADD node_modules/worker-timers
430 silly ADD node_modules/event-target-shim
431 silly ADD node_modules/string_decoder
432 silly ADD node_modules/process
433 silly ADD node_modules/events
434 silly ADD node_modules/abort-controller
435 silly ADD node_modules/wrappy
436 silly ADD node_modules/ms
437 silly ADD node_modules/undici-types
438 silly ADD node_modules/@types/node
439 silly ADD node_modules/readable-stream
440 silly ADD node_modules/readable-stream/node_modules/buffer
441 silly ADD node_modules/inherits
442 silly ADD node_modules/@types/readable-stream
443 silly ADD node_modules/process-nextick-args
444 silly ADD node_modules/debug
445 silly ADD node_modules/bl
446 silly ADD node_modules/bl/node_modules/buffer
447 silly ADD node_modules/ieee754
448 silly ADD node_modules/base64-js
449 silly ADD node_modules/uuid-parse
450 silly ADD node_modules/buffer
451 silly ADD node_modules/xtend
452 silly ADD node_modules/once
453 silly ADD node_modules/qlobber
454 silly ADD node_modules/uuid
455 silly ADD node_modules/reusify
456 silly ADD node_modules/retimer
457 silly ADD node_modules/mqtt-packet
458 silly ADD node_modules/mqemitter
459 silly ADD node_modules/mqemitter/node_modules/qlobber
460 silly ADD node_modules/hyperid
461 silly ADD node_modules/hyperid/node_modules/uuid
462 silly ADD node_modules/fastseries
463 silly ADD node_modules/fastparallel
464 silly ADD node_modules/fastfall
465 silly ADD node_modules/end-of-stream
466 silly ADD node_modules/aedes-persistence
467 silly ADD node_modules/aedes-packet
468 silly ADD node_modules/aedes-packet/node_modules/readable-stream
469 silly ADD node_modules/aedes-packet/node_modules/bl
470 silly ADD node_modules/aedes-packet/node_modules/mqtt-packet
471 silly ADD node_modules/aedes
472 verbose cwd C:\Users\Win 11\SmartInventory_ver2.0
473 verbose os Windows_NT 10.0.26200
474 verbose node v24.18.1
475 verbose npm  v11.16.0
476 verbose exit 0
477 info ok
